const React = require('React');

const x = <>Test</>;